chromium task-app retest-diagnostics-off-recording-off cold 1/5: 1670.03 ms, valid
chromium task-app retest-diagnostics-off-recording-off warm 1/5: 1127.85 ms, valid
chromium task-app playwright-diagnostics-off-recording-off cold 1/5: 3771.23 ms, valid
chromium task-app playwright-diagnostics-off-recording-off warm 1/5: 3580.42 ms, valid
chromium task-app playwright-diagnostics-off-recording-off warm 2/5: 3395.64 ms, valid
chromium task-app playwright-diagnostics-off-recording-off cold 2/5: 3603.33 ms, valid
chromium task-app retest-diagnostics-off-recording-off warm 2/5: 1074.94 ms, valid
chromium task-app retest-diagnostics-off-recording-off cold 2/5: 1186.67 ms, valid
chromium task-app retest-diagnostics-off-recording-off cold 3/5: 1285.87 ms, valid
chromium task-app retest-diagnostics-off-recording-off warm 3/5: 1083.83 ms, valid
chromium task-app playwright-diagnostics-off-recording-off cold 3/5: 3749.93 ms, valid
chromium task-app playwright-diagnostics-off-recording-off warm 3/5: 3490.62 ms, valid
chromium task-app playwright-diagnostics-off-recording-off warm 4/5: 3683.17 ms, valid
chromium task-app playwright-diagnostics-off-recording-off cold 4/5: 3966.87 ms, valid
chromium task-app retest-diagnostics-off-recording-off warm 4/5: 1142.79 ms, valid
chromium task-app retest-diagnostics-off-recording-off cold 4/5: 1392.73 ms, valid
chromium task-app retest-diagnostics-off-recording-off cold 5/5: 1285.04 ms, valid
chromium task-app retest-diagnostics-off-recording-off warm 5/5: 1131.88 ms, valid
chromium task-app playwright-diagnostics-off-recording-off cold 5/5: 3737.97 ms, valid
chromium task-app playwright-diagnostics-off-recording-off warm 5/5: 3492.90 ms, valid
chromium search-app retest-diagnostics-off-recording-off cold 1/5: 1572.00 ms, valid
chromium search-app retest-diagnostics-off-recording-off warm 1/5: 1531.31 ms, valid
chromium search-app playwright-diagnostics-off-recording-off cold 1/5: 4406.46 ms, valid
chromium search-app playwright-diagnostics-off-recording-off warm 1/5: 4204.74 ms, valid
chromium search-app playwright-diagnostics-off-recording-off warm 2/5: 4189.54 ms, valid
chromium search-app playwright-diagnostics-off-recording-off cold 2/5: 4545.53 ms, valid
chromium search-app retest-diagnostics-off-recording-off warm 2/5: 1797.39 ms, valid
chromium search-app retest-diagnostics-off-recording-off cold 2/5: 1648.27 ms, valid
chromium search-app retest-diagnostics-off-recording-off cold 3/5: 1632.93 ms, valid
chromium search-app retest-diagnostics-off-recording-off warm 3/5: 1539.42 ms, valid
chromium search-app playwright-diagnostics-off-recording-off cold 3/5: 4495.39 ms, valid
chromium search-app playwright-diagnostics-off-recording-off warm 3/5: 4403.59 ms, valid
chromium search-app playwright-diagnostics-off-recording-off warm 4/5: 4314.81 ms, valid
chromium search-app playwright-diagnostics-off-recording-off cold 4/5: 4408.24 ms, valid
chromium search-app retest-diagnostics-off-recording-off warm 4/5: 1533.11 ms, valid
chromium search-app retest-diagnostics-off-recording-off cold 4/5: 1560.82 ms, valid
chromium search-app retest-diagnostics-off-recording-off cold 5/5: 1537.05 ms, valid
chromium search-app retest-diagnostics-off-recording-off warm 5/5: 1489.82 ms, valid
chromium search-app playwright-diagnostics-off-recording-off cold 5/5: 4361.80 ms, valid
chromium search-app playwright-diagnostics-off-recording-off warm 5/5: 4142.75 ms, valid
Written to /Users/dragon/Documents/Projects/Gruvi/Products/retest/.retest/benchmarks/measurements-phase-4-verified/matched-comparison
