chromium task-app retest-diagnostics-on-recording-off cold 1/5: 1333.41 ms, valid
chromium task-app retest-diagnostics-on-recording-off warm 1/5: 1187.13 ms, valid
chromium task-app retest-diagnostics-on-recording-on cold 1/5: 1838.47 ms, valid
chromium task-app retest-diagnostics-on-recording-on warm 1/5: 1725.03 ms, valid
chromium task-app retest-diagnostics-on-recording-on warm 2/5: 1634.47 ms, valid
chromium task-app retest-diagnostics-on-recording-on cold 2/5: 1738.27 ms, valid
chromium task-app retest-diagnostics-on-recording-off warm 2/5: 1171.38 ms, valid
chromium task-app retest-diagnostics-on-recording-off cold 2/5: 1255.18 ms, valid
chromium task-app retest-diagnostics-on-recording-off cold 3/5: 1240.68 ms, valid
chromium task-app retest-diagnostics-on-recording-off warm 3/5: 1228.34 ms, valid
chromium task-app retest-diagnostics-on-recording-on cold 3/5: 1795.42 ms, valid
chromium task-app retest-diagnostics-on-recording-on warm 3/5: 1698.05 ms, valid
chromium task-app retest-diagnostics-on-recording-on warm 4/5: 1621.28 ms, valid
chromium task-app retest-diagnostics-on-recording-on cold 4/5: 1763.56 ms, valid
chromium task-app retest-diagnostics-on-recording-off warm 4/5: 1112.04 ms, valid
chromium task-app retest-diagnostics-on-recording-off cold 4/5: 1275.40 ms, valid
chromium task-app retest-diagnostics-on-recording-off cold 5/5: 1199.81 ms, valid
chromium task-app retest-diagnostics-on-recording-off warm 5/5: 1091.87 ms, valid
chromium task-app retest-diagnostics-on-recording-on cold 5/5: 1795.67 ms, valid
chromium task-app retest-diagnostics-on-recording-on warm 5/5: 1726.71 ms, valid
chromium search-app retest-diagnostics-on-recording-off cold 1/5: 1609.73 ms, valid
chromium search-app retest-diagnostics-on-recording-off warm 1/5: 1479.06 ms, valid
chromium search-app retest-diagnostics-on-recording-on cold 1/5: 2119.52 ms, valid
chromium search-app retest-diagnostics-on-recording-on warm 1/5: 2010.04 ms, valid
chromium search-app retest-diagnostics-on-recording-on warm 2/5: 2009.06 ms, valid
chromium search-app retest-diagnostics-on-recording-on cold 2/5: 2058.92 ms, valid
chromium search-app retest-diagnostics-on-recording-off warm 2/5: 1520.45 ms, valid
chromium search-app retest-diagnostics-on-recording-off cold 2/5: 1578.77 ms, valid
chromium search-app retest-diagnostics-on-recording-off cold 3/5: 1538.92 ms, valid
chromium search-app retest-diagnostics-on-recording-off warm 3/5: 1479.14 ms, valid
chromium search-app retest-diagnostics-on-recording-on cold 3/5: 2153.57 ms, valid
chromium search-app retest-diagnostics-on-recording-on warm 3/5: 2037.61 ms, valid
chromium search-app retest-diagnostics-on-recording-on warm 4/5: 2001.52 ms, valid
chromium search-app retest-diagnostics-on-recording-on cold 4/5: 2141.05 ms, valid
chromium search-app retest-diagnostics-on-recording-off warm 4/5: 1428.30 ms, valid
chromium search-app retest-diagnostics-on-recording-off cold 4/5: 1635.16 ms, valid
chromium search-app retest-diagnostics-on-recording-off cold 5/5: 1542.40 ms, valid
chromium search-app retest-diagnostics-on-recording-off warm 5/5: 1423.97 ms, valid
chromium search-app retest-diagnostics-on-recording-on cold 5/5: 2145.04 ms, valid
chromium search-app retest-diagnostics-on-recording-on warm 5/5: 2100.90 ms, valid
firefox task-app retest-diagnostics-on-recording-off cold 1/5: 3121.42 ms, valid
firefox task-app retest-diagnostics-on-recording-off warm 1/5: 2042.40 ms, valid
firefox task-app retest-diagnostics-on-recording-on cold 1/5: 2655.44 ms, valid
firefox task-app retest-diagnostics-on-recording-on warm 1/5: 2635.78 ms, valid
firefox task-app retest-diagnostics-on-recording-on warm 2/5: 2817.17 ms, valid
firefox task-app retest-diagnostics-on-recording-on cold 2/5: 2662.90 ms, valid
firefox task-app retest-diagnostics-on-recording-off warm 2/5: 2070.36 ms, valid
firefox task-app retest-diagnostics-on-recording-off cold 2/5: 2253.95 ms, valid
firefox task-app retest-diagnostics-on-recording-off cold 3/5: 2292.36 ms, valid
firefox task-app retest-diagnostics-on-recording-off warm 3/5: 2134.14 ms, valid
firefox task-app retest-diagnostics-on-recording-on cold 3/5: 2843.07 ms, valid
firefox task-app retest-diagnostics-on-recording-on warm 3/5: 2515.77 ms, valid
firefox task-app retest-diagnostics-on-recording-on warm 4/5: 2640.54 ms, valid
firefox task-app retest-diagnostics-on-recording-on cold 4/5: 2602.02 ms, valid
firefox task-app retest-diagnostics-on-recording-off warm 4/5: 1938.20 ms, valid
firefox task-app retest-diagnostics-on-recording-off cold 4/5: 2112.41 ms, valid
firefox task-app retest-diagnostics-on-recording-off cold 5/5: 2131.65 ms, valid
firefox task-app retest-diagnostics-on-recording-off warm 5/5: 1986.53 ms, valid
firefox task-app retest-diagnostics-on-recording-on cold 5/5: 2664.08 ms, valid
firefox task-app retest-diagnostics-on-recording-on warm 5/5: 2505.64 ms, valid
firefox search-app retest-diagnostics-on-recording-off cold 1/5: 2547.66 ms, valid
firefox search-app retest-diagnostics-on-recording-off warm 1/5: 2557.70 ms, valid
firefox search-app retest-diagnostics-on-recording-on cold 1/5: 3011.56 ms, valid
firefox search-app retest-diagnostics-on-recording-on warm 1/5: 3075.62 ms, valid
firefox search-app retest-diagnostics-on-recording-on warm 2/5: 3289.90 ms, valid
firefox search-app retest-diagnostics-on-recording-on cold 2/5: 3227.07 ms, valid
firefox search-app retest-diagnostics-on-recording-off warm 2/5: 2472.36 ms, valid
firefox search-app retest-diagnostics-on-recording-off cold 2/5: 2607.87 ms, valid
firefox search-app retest-diagnostics-on-recording-off cold 3/5: 2678.16 ms, valid
firefox search-app retest-diagnostics-on-recording-off warm 3/5: 2606.51 ms, valid
firefox search-app retest-diagnostics-on-recording-on cold 3/5: 3203.68 ms, valid
firefox search-app retest-diagnostics-on-recording-on warm 3/5: 2965.95 ms, valid
firefox search-app retest-diagnostics-on-recording-on warm 4/5: 3017.73 ms, valid
firefox search-app retest-diagnostics-on-recording-on cold 4/5: 3101.46 ms, valid
firefox search-app retest-diagnostics-on-recording-off warm 4/5: 2434.75 ms, valid
firefox search-app retest-diagnostics-on-recording-off cold 4/5: 2506.60 ms, valid
firefox search-app retest-diagnostics-on-recording-off cold 5/5: 2745.49 ms, valid
firefox search-app retest-diagnostics-on-recording-off warm 5/5: 2419.68 ms, valid
firefox search-app retest-diagnostics-on-recording-on cold 5/5: 3131.41 ms, valid
firefox search-app retest-diagnostics-on-recording-on warm 5/5: 3042.61 ms, valid
webkit task-app retest-diagnostics-on-recording-off cold 1/5: 2173.86 ms, valid
webkit task-app retest-diagnostics-on-recording-off warm 1/5: 1532.61 ms, valid
webkit task-app retest-diagnostics-on-recording-on cold 1/5: 2174.04 ms, valid
webkit task-app retest-diagnostics-on-recording-on warm 1/5: 2097.44 ms, valid
webkit task-app retest-diagnostics-on-recording-on warm 2/5: 2084.59 ms, valid
webkit task-app retest-diagnostics-on-recording-on cold 2/5: 2093.62 ms, valid
webkit task-app retest-diagnostics-on-recording-off warm 2/5: 1605.56 ms, valid
webkit task-app retest-diagnostics-on-recording-off cold 2/5: 1704.10 ms, valid
webkit task-app retest-diagnostics-on-recording-off cold 3/5: 1641.69 ms, valid
webkit task-app retest-diagnostics-on-recording-off warm 3/5: 1531.16 ms, valid
webkit task-app retest-diagnostics-on-recording-on cold 3/5: 2180.19 ms, valid
webkit task-app retest-diagnostics-on-recording-on warm 3/5: 2111.10 ms, valid
webkit task-app retest-diagnostics-on-recording-on warm 4/5: 2016.88 ms, valid
webkit task-app retest-diagnostics-on-recording-on cold 4/5: 2109.92 ms, valid
webkit task-app retest-diagnostics-on-recording-off warm 4/5: 1558.25 ms, valid
webkit task-app retest-diagnostics-on-recording-off cold 4/5: 1603.88 ms, valid
webkit task-app retest-diagnostics-on-recording-off cold 5/5: 1836.48 ms, valid
webkit task-app retest-diagnostics-on-recording-off warm 5/5: 1495.04 ms, valid
webkit task-app retest-diagnostics-on-recording-on cold 5/5: 2088.15 ms, valid
webkit task-app retest-diagnostics-on-recording-on warm 5/5: 2282.01 ms, valid
webkit search-app retest-diagnostics-on-recording-off cold 1/5: 1980.15 ms, valid
webkit search-app retest-diagnostics-on-recording-off warm 1/5: 1864.39 ms, valid
webkit search-app retest-diagnostics-on-recording-on cold 1/5: 2497.22 ms, valid
webkit search-app retest-diagnostics-on-recording-on warm 1/5: 2387.64 ms, valid
webkit search-app retest-diagnostics-on-recording-on warm 2/5: 2389.16 ms, valid
webkit search-app retest-diagnostics-on-recording-on cold 2/5: 2513.30 ms, valid
webkit search-app retest-diagnostics-on-recording-off warm 2/5: 1927.32 ms, valid
webkit search-app retest-diagnostics-on-recording-off cold 2/5: 1995.08 ms, valid
webkit search-app retest-diagnostics-on-recording-off cold 3/5: 2175.62 ms, valid
webkit search-app retest-diagnostics-on-recording-off warm 3/5: 1919.60 ms, valid
webkit search-app retest-diagnostics-on-recording-on cold 3/5: 2724.16 ms, valid
webkit search-app retest-diagnostics-on-recording-on warm 3/5: 2417.42 ms, valid
webkit search-app retest-diagnostics-on-recording-on warm 4/5: 2443.41 ms, valid
webkit search-app retest-diagnostics-on-recording-on cold 4/5: 2606.89 ms, valid
webkit search-app retest-diagnostics-on-recording-off warm 4/5: 1879.85 ms, valid
webkit search-app retest-diagnostics-on-recording-off cold 4/5: 1967.25 ms, valid
webkit search-app retest-diagnostics-on-recording-off cold 5/5: 1985.37 ms, valid
webkit search-app retest-diagnostics-on-recording-off warm 5/5: 1995.00 ms, valid
webkit search-app retest-diagnostics-on-recording-on cold 5/5: 2712.47 ms, valid
webkit search-app retest-diagnostics-on-recording-on warm 5/5: 2345.57 ms, valid
Written to /Users/dragon/Documents/Projects/Gruvi/Products/retest/.retest/benchmarks/measurements-phase-4-verified/recording
